Please enter 'pass <your_password>' to log in as Acidburn
Welcome Acidburn
Error : invalid directory name
Error : invalid directory name
Error : invalid directory name
Error : invalid directory name
Error : invalid directory name
Error : invalid directory name
Error : invalid directory name
Error : invalid directory name
Error : invalid directory name
Error : invalid directory name
Error : invalid directory name
Error : invalid directory name
Error : invalid directory name
Error : invalid directory name
Error : invalid directory name
Error : invalid directory name
Error : invalid directory name
Error : invalid directory name
Error : invalid directory name
Error : invalid directory name
Error : invalid directory name
Error : invalid directory name
Error : invalid directory name
Error : invalid directory name
Error : invalid directory name
Error : invalid directory name
Error : invalid directory name
Error : invalid directory name
Error : invalid directory name
Error : invalid directory name
Error : invalid directory name
Error : invalid directory name
Error : invalid directory name
Error : invalid directory name
Error : invalid directory name
Error : invalid directory name
Error : invalid directory name
Error : invalid directory name
Error : invalid directory name
Error : invalid directory name
Error : invalid directory name
Error : invalid directory name
Error : invalid directory name
Error : invalid directory name
Error : invalid directory name
Error : invalid directory name
Error : invalid directory name
Error : invalid directory name
Error : invalid directory name
Error : invalid directory name
Error : invalid directory name
Error : invalid directory name
Error : invalid directory name
Error : invalid directory name
Error : invalid directory name
Error : invalid directory name
Error : invalid directory name
Error : invalid directory name
Error : invalid directory name
Error : invalid directory name
Error : invalid directory name
Error : invalid directory name
Error : invalid directory name
Error : invalid directory name
Error : invalid directory name
Error : invalid directory name
Error : invalid directory name
Error : invalid directory name
Error : invalid directory name
Error : invalid directory name
